// Jest Snapshot v1, https://goo.gl/fbAQLP

exports[`<CoverImage/> should render img, when link exists 1`] = `
<div
  class="cover"
>
  <img
    class="cover__thumbnail"
    src="https://example.com/test.jpg"
  />
  <div
    class="cover__overlay"
  >
    <div
      class="cover__overlay__title"
    >
      Title
    </div>
    <div
      class="cover__overlay__rating"
    >
      /10
    </div>
  </div>
</div>
`;
