// Jest Snapshot v1, https://goo.gl/fbAQLP

exports[`<App/> should load properly 1`] = `
<div>
  <Header
    title="Hello world"
  >
    <nav
      className="navigation"
    >
      <a
        className="navigation__link"
        href="#"
      >
        Test
      </a>
    </nav>
  </Header>
  <main>
    <Routes />
  </main>
  <footer>
    Copyright 2018
  </footer>
</div>
`;
