// Jest Snapshot v1, https://goo.gl/fbAQLP

exports[`<Router/> renders properly 1`] = `
<Switch>
  <Route
    component={[Function]}
    exact={true}
    path="/"
  />
  <Route
    component={[Function]}
    exact={true}
    path="/media/:id"
  />
  <Route
    component={[Function]}
    exact={true}
    path="/actor/:id"
  />
  <Redirect
    exact={true}
    push={false}
    to="/"
  />
</Switch>
`;
