// Jest Snapshot v1, https://goo.gl/fbAQLP

exports[`<HomePage/> should render properly 1`] = `
<main
  class="homepage"
>
  <div>
    <div>
      <form
        class="searchbar"
      >
        <input
          class="searchbar__field"
          name="search"
          placeholder="The dark knight rises"
          type="field"
          value=""
        />
        <button
          class="searchbar__submit"
          type="submit"
        >
          <img
            src="search.svg"
          />
        </button>
      </form>
    </div>
  </div>
  <div
    class="togglebuttons"
  >
    <button
      class="togglebuttons__button togglebuttons__button--toggled"
    >
      Movie
    </button>
    <button
      class="togglebuttons__button"
    >
      TV Show
    </button>
  </div>
</main>
`;
