// Jest Snapshot v1, https://goo.gl/fbAQLP

exports[`<ToggleButtonGroup/> should load properly 1`] = `
<div
  className="togglebuttons"
>
  <button
    className="togglebuttons__button togglebuttons__button__toggled"
    key="0"
  >
    Movie
  </button>
  <button
    className="togglebuttons__button"
    key="1"
  >
    TV Show
  </button>
</div>
`;
